Resource Report
Microsemi Corporation - Microsemi Libero Software Release v12.4 (Version 12.900.0.16)
Date: Wed Apr 29 20:19:21 2020

Device Selection
+--------------------------------+----------------+
| Family                         | SmartFusion2   |
| Device                         | M2S010         |
| Package                        | 144 TQ         |
| Speed Grade                    | STD            |
| Temp                           | 0:25:85        |
| Voltage                        | 1.26:1.20:1.14 |
| Core Voltage                   | 1.2V           |
| Ramp Rate                      | 100ms Minimum  |
| System Controller Suspend Mode | No             |
| PLL Supply Voltage             | 2.5V           |
| Default I/O technology         | LVCMOS 2.5V    |
| Restrict Probe Pins            | Yes            |
| Restrict SPI Pins              | No             |
+--------------------------------+----------------+

Source Files
+---------+---------------------------------------------------------------------------+
| Topcell | Gray_To_Binary                                                            |
| Format  | Verilog                                                                   |
| Source  | E:\Github_Repos\Gray_Code_Core\Gray_Code_Core\synthesis\Gray_To_Binary.vm |
+---------+---------------------------------------------------------------------------+

Options
+----------------------------------------------------+-------+
| Enable Single Event Transient mitigation           | false |
| Enable Design Separation Methodology               | false |
| Limit the number of high fanout nets to display to | 10    |
+----------------------------------------------------+-------+

Resource Usage
+---------------------------+------+-------+------------+
| Type                      | Used | Total | Percentage |
+---------------------------+------+-------+------------+
| 4LUT                      | 23   | 12084 | 0.19       |
| DFF                       | 0    | 12084 | 0.00       |
| I/O Register              | 0    | 252   | 0.00       |
| User I/O                  | 0    | 84    | 0.00       |
| -- Single-ended I/O       | 0    | 84    | 0.00       |
| -- Differential I/O Pairs | 0    | 37    | 0.00       |
| RAM64x18                  | 0    | 22    | 0.00       |
| RAM1K18                   | 0    | 21    | 0.00       |
| MACC                      | 0    | 22    | 0.00       |
| Chip Globals              | 0    | 8     | 0.00       |
| CCC                       | 0    | 2     | 0.00       |
| RCOSC_25_50MHZ            | 0    | 1     | 0.00       |
| RCOSC_1MHZ                | 0    | 1     | 0.00       |
| XTLOSC                    | 0    | 1     | 0.00       |
| MSS                       | 0    | 1     | 0.00       |
+---------------------------+------+-------+------------+

Detailed Logic Resource Usage
+--------------------------+------+-----+
| Type                     | 4LUT | DFF |
+--------------------------+------+-----+
| Fabric Logic             | 23   | 0   |
| RAM64x18 Interface Logic | 0    | 0   |
| RAM1K18 Interface Logic  | 0    | 0   |
| MACC Interface Logic     | 0    | 0   |
| Total Used               | 23   | 0   |
+--------------------------+------+-----+

I/O Function
+-------------------------------+--------------+-------------+-----------------+
| Type                          | w/o register | w/ register | w/ DDR register |
+-------------------------------+--------------+-------------+-----------------+
| Input I/O                     | 0            | 0           | 0               |
| Output I/O                    | 0            | 0           | 0               |
| Bidirectional I/O             | 0            | 0           | 0               |
| Differential Input I/O Pairs  | 0            | 0           | 0               |
| Differential Output I/O Pairs | 0            | 0           | 0               |
+-------------------------------+--------------+-------------+-----------------+

I/O Technology
+--------------+------+------+-------+--------+---------------+
| I/O Standard | Vddi | Vref | Input | Output | Bidirectional |
+--------------+------+------+-------+--------+---------------+
+--------------+------+------+-------+--------+---------------+

Nets assigned to chip global resources
+--------+------+------+
| Fanout | Type | Name |
+--------+------+------+
+--------+------+------+

Nets assigned to row global resources
+--------+------+------+
| Fanout | Type | Name |
+--------+------+------+
+--------+------+------+

High fanout nets
+--------+---------+------------------------------------------+
| Fanout | Type    | Name                                     |
+--------+---------+------------------------------------------+
| 4      | INT_NET | Net   : gray_in[7]                       |
|        |         | Driver: BLOCK_INTERFACE_I_gray_in[7]     |
| 4      | INT_NET | Net   : bin_out[4]                       |
|        |         | Driver: f_gray_to_binary.bin_val_0_a2[4] |
| 3      | INT_NET | Net   : gray_in[6]                       |
|        |         | Driver: BLOCK_INTERFACE_I_gray_in[6]     |
| 3      | INT_NET | Net   : gray_in[3]                       |
|        |         | Driver: BLOCK_INTERFACE_I_gray_in[3]     |
| 2      | INT_NET | Net   : gray_in[5]                       |
|        |         | Driver: BLOCK_INTERFACE_I_gray_in[5]     |
| 2      | INT_NET | Net   : gray_in[2]                       |
|        |         | Driver: BLOCK_INTERFACE_I_gray_in[2]     |
| 2      | INT_NET | Net   : bin_out[1]                       |
|        |         | Driver: f_gray_to_binary.bin_val_0_a2[1] |
| 1      | INT_NET | Net   : gray_in[4]                       |
|        |         | Driver: BLOCK_INTERFACE_I_gray_in[4]     |
| 1      | INT_NET | Net   : gray_in[1]                       |
|        |         | Driver: BLOCK_INTERFACE_I_gray_in[1]     |
| 1      | INT_NET | Net   : gray_in[0]                       |
|        |         | Driver: BLOCK_INTERFACE_I_gray_in[0]     |
+--------+---------+------------------------------------------+

High fanout nets (through buffer trees)
+--------+---------+------------------------------------------+
| Fanout | Type    | Name                                     |
+--------+---------+------------------------------------------+
| 4      | INT_NET | Net   : gray_in[7]                       |
|        |         | Driver: BLOCK_INTERFACE_I_gray_in[7]     |
| 4      | INT_NET | Net   : bin_out[4]                       |
|        |         | Driver: f_gray_to_binary.bin_val_0_a2[4] |
| 3      | INT_NET | Net   : gray_in[6]                       |
|        |         | Driver: BLOCK_INTERFACE_I_gray_in[6]     |
| 3      | INT_NET | Net   : gray_in[3]                       |
|        |         | Driver: BLOCK_INTERFACE_I_gray_in[3]     |
| 2      | INT_NET | Net   : gray_in[5]                       |
|        |         | Driver: BLOCK_INTERFACE_I_gray_in[5]     |
| 2      | INT_NET | Net   : gray_in[2]                       |
|        |         | Driver: BLOCK_INTERFACE_I_gray_in[2]     |
| 2      | INT_NET | Net   : bin_out[1]                       |
|        |         | Driver: f_gray_to_binary.bin_val_0_a2[1] |
| 1      | INT_NET | Net   : gray_in[4]                       |
|        |         | Driver: BLOCK_INTERFACE_I_gray_in[4]     |
| 1      | INT_NET | Net   : gray_in[1]                       |
|        |         | Driver: BLOCK_INTERFACE_I_gray_in[1]     |
| 1      | INT_NET | Net   : gray_in[0]                       |
|        |         | Driver: BLOCK_INTERFACE_I_gray_in[0]     |
+--------+---------+------------------------------------------+

